16:06:47 **** Incremental Build of configuration Debug for project stmf411xx_driver ****
make -j4 all 
arm-none-eabi-gcc "../Src/main.c" -mcpu=cortex-m4 -std=gnu11 -g3 -DDEBUG -DNUCLEO_F411RE -DSTM32 -DSTM32F4 -DSTM32F411RETx -c -I../Inc -I"C:/Users/irsha/STM32CubeIDE/workspace_1.13.0/stmf411xx_driver/drivers/Inc" -O0 -ffunction-sections -fdata-sections -Wall -fstack-usage -fcyclomatic-complexity -MMD -MP -MF"Src/main.d" -MT"Src/main.o" --specs=nano.specs -mfpu=fpv4-sp-d16 -mfloat-abi=hard -mthumb -o "Src/main.o"
arm-none-eabi-gcc "../Src/syscalls.c" -mcpu=cortex-m4 -std=gnu11 -g3 -DDEBUG -DNUCLEO_F411RE -DSTM32 -DSTM32F4 -DSTM32F411RETx -c -I../Inc -I"C:/Users/irsha/STM32CubeIDE/workspace_1.13.0/stmf411xx_driver/drivers/Inc" -O0 -ffunction-sections -fdata-sections -Wall -fstack-usage -fcyclomatic-complexity -MMD -MP -MF"Src/syscalls.d" -MT"Src/syscalls.o" --specs=nano.specs -mfpu=fpv4-sp-d16 -mfloat-abi=hard -mthumb -o "Src/syscalls.o"
arm-none-eabi-gcc "../Src/sysmem.c" -mcpu=cortex-m4 -std=gnu11 -g3 -DDEBUG -DNUCLEO_F411RE -DSTM32 -DSTM32F4 -DSTM32F411RETx -c -I../Inc -I"C:/Users/irsha/STM32CubeIDE/workspace_1.13.0/stmf411xx_driver/drivers/Inc" -O0 -ffunction-sections -fdata-sections -Wall -fstack-usage -fcyclomatic-complexity -MMD -MP -MF"Src/sysmem.d" -MT"Src/sysmem.o" --specs=nano.specs -mfpu=fpv4-sp-d16 -mfloat-abi=hard -mthumb -o "Src/sysmem.o"
../Src/main.c:22:4: warning: #warning "FPU is not initialized, but the project is compiling for an FPU. Please initialize the FPU before use." [-Wcpp]
   22 |   #warning "FPU is not initialized, but the project is compiling for an FPU. Please initialize the FPU before use."
      |    ^~~~~~~
arm-none-eabi-gcc -o "stmf411xx_driver.elf" @"objects.list"   -mcpu=cortex-m4 -T"C:\Users\irsha\STM32CubeIDE\workspace_1.13.0\stmf411xx_driver\STM32F411RETX_FLASH.ld" --specs=nosys.specs -Wl,-Map="stmf411xx_driver.map" -Wl,--gc-sections -static --specs=nano.specs -mfpu=fpv4-sp-d16 -mfloat-abi=hard -mthumb -Wl,--start-group -lc -lm -Wl,--end-group
Finished building target: stmf411xx_driver.elf
 
arm-none-eabi-size   stmf411xx_driver.elf 
arm-none-eabi-objdump -h -S  stmf411xx_driver.elf  > "stmf411xx_driver.list"
   text	   data	    bss	    dec	    hex	filename
    660	      8	   1568	   2236	    8bc	stmf411xx_driver.elf
Finished building: default.size.stdout
 
Finished building: stmf411xx_driver.list
 

16:06:50 Build Finished. 0 errors, 1 warnings. (took 3s.440ms)

